Starting a Gradle Daemon, 1 incompatible Daemon could not be reused, use --status for details
> Task :gradle-plugin:pluginDescriptors
> Task :gradle-plugin:processResources
> Task :gradle-plugin:compileKotlin
> Task :gradle-plugin:compileJava NO-SOURCE
> Task :gradle-plugin:classes
> Task :gradle-plugin:jar
> Task :gradle-plugin:inspectClassesForKotlinIC
> Task :app:buildKotlinToolingMetadata UP-TO-DATE
> Task :app:generateCodegenSchemaFromJavaScript SKIPPED
> Task :app:generateCodegenArtifactsFromSchema SKIPPED
> Task :app:generatePackageList
> Task :app:preBuild
> Task :app:preReleaseBuild
> Task :app:generateReleaseBuildConfig UP-TO-DATE
> Task :app:createBundleReleaseJsAndAssets FAILED
> Task :app:checkReleaseAarMetadata
.\gradlew.bat : 
At line:1 char:39
+ ... \android" ; .\gradlew.bat assembleRelease --console=plain 2>&1 | Tee- ...
+                 ~~~~~~~~~~~~~~~~~~~~~~~~~~~~~~~~~~~~~~~~~~~~~~~~~~
    + CategoryInfo          : NotSpecified: (:String) [], RemoteException
    + FullyQualifiedErrorId : NativeCommandError
 
FAILURE: Build failed with an exception.

* What went wrong:
A problem was found with the configuration of task 
':app:createBundleReleaseJsAndAssets' (type 'BundleHermesCTask').
  - In plugin 'com.facebook.react' type 
'com.facebook.react.tasks.BundleHermesCTask' property 'entryFile' specifies 
file 'D:\9ja msg\apps\mobile\android\index.js' which doesn't exist.
    
    Reason: An input file was expected to be present but it doesn't exist.
    
    Possible solutions:
      1. Make sure the file exists before the task is called.
      2. Make sure that the task which produces the file is declared as an 
input.
    
    For more information, please refer to https://docs.gradle.org/8.3/userguide
/validation_problems.html#input_file_does_not_exist in the Gradle 
documentation.

* Try:
> Run with --stacktrace option to get the stack trace.
> Run with --info or --debug option to get more log output.
> Run with --scan to get full insights.
> Get more help at https://help.gradle.org.

BUILD FAILED in 2m 7s
10 actionable tasks: 8 executed, 2 up-to-date
